// Jest Snapshot v1, https://jestjs.io/docs/snapshot-testing

exports[`公开接口 scholar-meta 导出的名字 1`] = `
[
  "APPRAISAL_TEXT_MAX",
  "BINDING_BADGES",
  "DEFAULT_LEDGER_POLICY",
  "DENOMINATOR_FILTERS",
  "EFFECT_METRICS",
  "EGM_PAIR",
  "EVIDENCE_CAVEATS",
  "EVIDENCE_CERTAINTY_DOWNGRADES",
  "EVIDENCE_CERTAINTY_LEVELS",
  "EVIDENCE_CERTAINTY_UPGRADES",
  "EVIDENCE_CHANGE_REQUEST_STATUSES",
  "EVIDENCE_CHART_BLOCKERS",
  "EVIDENCE_CHART_KINDS",
  "EVIDENCE_CITATION_DECLARERS",
  "EVIDENCE_CITATION_FUNCTIONS",
  "EVIDENCE_CONTRACT_VERSION",
  "EVIDENCE_CONTRIBUTION_ISSUES",
  "EVIDENCE_COUNT_SCOPES",
  "EVIDENCE_DENOMINATOR_KINDS",
  "EVIDENCE_DIMENSIONS",
  "EVIDENCE_DIMENSION_IDS",
  "EVIDENCE_DIRECTIONS",
  "EVIDENCE_DOWNGRADE_REASONS",
  "EVIDENCE_EFFECT_METRICS",
  "EVIDENCE_EXTERNAL_MATCHES",
  "EVIDENCE_FEATURES",
  "EVIDENCE_INTAKE_ISSUES",
  "EVIDENCE_LEDGER_REFUSALS",
  "EVIDENCE_MESSAGES",
  "EVIDENCE_PLUGIN_SECRETS",
  "EVIDENCE_PLUGIN_SECRET_KEYS",
  "EVIDENCE_POOLING_REASONS",
  "EVIDENCE_ROB_BANDS",
  "EVIDENCE_ROB_JUDGEMENTS",
  "EVIDENCE_ROB_SCALES",
  "EVIDENCE_ROB_TOOLS",
  "EVIDENCE_SCALE_LADDER",
  "EVIDENCE_SELF_REPORTED_CLAIMS",
  "EVIDENCE_SETTINGS",
  "EVIDENCE_SETTING_GROUPS",
  "EVIDENCE_SETTING_ISSUES",
  "EVIDENCE_STUDY_DESIGNS",
  "EVIDENCE_TAG_BINDING_KINDS",
  "EVIDENCE_TRUST_TIERS",
  "EVIDENCE_VIEWS",
  "EVIDENCE_VIEW_LADDER",
  "EVIDENCE_WORK_TAG_STATES",
  "MACHINE_BINDING_POLICIES",
  "MACHINE_CANDIDATE_LIMIT",
  "MAX_SHARE_CI_WIDTH",
  "MIN_CLAIMS_FOR_POSITIVE_RATE",
  "MIN_N_FOR_SHARE",
  "MIN_ONSITE_FOR_SHARE_CHARTS",
  "MIN_STUDIES_FOR_POOLING",
  "NEVER_AS_EFFECT_AXIS",
  "ONSITE_DEFAULT_LABEL",
  "ONSITE_DEFAULT_LICENSE",
  "ONSITE_DIMENSIONS",
  "ONSITE_DIMENSION_IDS",
  "ONSITE_EGM_PAIR",
  "ONSITE_MAX_TAGS",
  "OVERLAP_DIMENSION",
  "OVERLAP_TOP_SETS",
  "PLUGIN_REPOSITORY",
  "SHARE_RELIABILITIES",
  "SMALL_CORPUS",
  "TAG_GRAPH_DEFAULTS",
  "TAG_MAX_LENGTH",
  "Z_95",
  "applyEvidenceFilters",
  "applyReviewGate",
  "applyWorkTags",
  "assessPooling",
  "bindingBadge",
  "bucketKey",
  "buildPluginManifest",
  "buildRecordEdges",
  "buildTagContribution",
  "buildTagGraph",
  "chartAvailability",
  "chartAvailabilityFor",
  "chartShapeOf",
  "chartsMatchContract",
  "checkAssertion",
  "checkCertainties",
  "checkCertainty",
  "checkRiskOfBias",
  "cochranQ",
  "countOnsite",
  "countOnsiteLayer",
  "createCuratedBinding",
  "createLiveSettings",
  "createMemoryTagLedgerStore",
  "createTagLedger",
  "createVocabularyTagger",
  "crossOnsite",
  "decideChangeRequest",
  "defaultSettings",
  "diffPluginManifests",
  "dimensionsMatchContract",
  "directionFromEffect",
  "effectDecimals",
  "effectMetricsMatchContract",
  "formatMessage",
  "formatProvenance",
  "getMessages",
  "groupTags",
  "hasTagKey",
  "intakeArticle",
  "intakeArticles",
  "intervalExcludesNull",
  "isEffectMetric",
  "isEvidenceCountsData",
  "isEvidenceMapData",
  "isEvidenceOnsiteCounts",
  "isEvidenceTagGraph",
  "isHighRiskOfBias",
  "isLiveSettings",
  "isReviewed",
  "isValidRiskOfBias",
  "ledgerPolicyFromSettings",
  "logGamma",
  "machineConfidence",
  "mergeMessages",
  "normalizeDoi",
  "normalizeTag",
  "normalizeWorkId",
  "onsiteDimensionsMatchContract",
  "onsiteValueCount",
  "openChangeRequest",
  "pickEvidenceView",
  "pickMachineCandidate",
  "placeholders",
  "pointEstimate",
  "poolEvidence",
  "poolRandomEffects",
  "presentArticleContext",
  "presentBinding",
  "presentBindingQueue",
  "presentBindingSuggestions",
  "presentCertainty",
  "presentChangeRequests",
  "presentChartMenu",
  "presentCitations",
  "presentContributionIssues",
  "presentCounts",
  "presentEvidenceMap",
  "presentIntakeIssues",
  "presentNodeChildren",
  "presentOnsiteCounts",
  "presentRecordFacets",
  "presentRiskOfBias",
  "presentRiskOfBiasSummary",
  "presentSeries",
  "presentSettingsForm",
  "presentTagGraph",
  "presentTagSuggestions",
  "presentView",
  "presentWorkTags",
  "presentWorks",
  "recordTagKeys",
  "regularizedBeta",
  "resolveTagBinding",
  "resolveWorkTags",
  "robBand",
  "runTagger",
  "safeHttpUrl",
  "scopeFilter",
  "settingsReader",
  "shareReliability",
  "splitTopicId",
  "studentTCdf",
  "studentTQuantile",
  "summarizeRiskOfBias",
  "tagNameMatch",
  "tau2DerSimonianLaird",
  "tau2Reml",
  "validateSettings",
  "validateTagContribution",
  "viewLadderMatchesContract",
  "wilsonInterval",
  "withdrawChangeRequest",
]
`;

exports[`公开接口 scholar-meta/client 导出的名字 1`] = `
[
  "EVIDENCE_CLIENT_ROUTES",
  "createEvidenceClient",
]
`;

exports[`公开接口 scholar-meta/http 导出的名字 1`] = `
[
  "EVIDENCE_ROUTES",
  "createEvidenceHandler",
]
`;

exports[`公开接口 scholar-meta/openalex 导出的名字 1`] = `
[
  "OPENALEX_DOI_BATCH",
  "OPENALEX_PROVENANCE",
  "OPENALEX_WORKS_LIMIT",
  "PROVISIONAL_YEARS",
  "createOpenAlexClient",
  "createOpenAlexSource",
  "fetchEvidenceCounts",
  "isFreeOpenAlexPath",
]
`;

exports[`公开接口 scholar-meta/service 导出的名字 1`] = `
[
  "DEFAULT_TTL",
  "EXTERNAL_LEVELS",
  "createEvidenceService",
  "createMemoryBindingStore",
  "createMemoryCache",
  "createMemoryCertaintySource",
  "createMemoryOnsiteSource",
  "isValidNodeId",
]
`;
